ho
preso
il latte
cosa
ancora?
??